blazor.server.js:1 [2026-02-07T00:42:28.554Z] Information: Normalizing '_blazor' to 'https://portal.cloudhealthoffice.com/_blazor'.
blazor.server.js:1 WebSocket connection to 'wss://portal.cloudhealthoffice.com/_blazor?id=QJBH6t-BECiUQaiYhi8BXg' failed: 
(anonymous) @ blazor.server.js:1
connect @ blazor.server.js:1
_startTransport @ blazor.server.js:1
_createTransport @ blazor.server.js:1
_startInternal @ blazor.server.js:1
blazor.server.js:1 [2026-02-07T00:42:28.960Z] Information: (WebSockets transport) There was an error with the transport.
blazor.server.js:1 [2026-02-07T00:42:28.961Z] Error: Failed to start the transport 'WebSockets': Error: WebSocket failed to connect. The connection could not be found on the server, either the endpoint may not be a SignalR endpoint, the connection ID is not present on the server, or there is a proxy blocking WebSockets. If you have multiple servers check that sticky sessions are enabled.
log @ blazor.server.js:1
_createTransport @ blazor.server.js:1
await in _createTransport
_startInternal @ blazor.server.js:1
await in _startInternal
start @ blazor.server.js:1
_startInternal @ blazor.server.js:1
_startWithStateTransitions @ blazor.server.js:1
start @ blazor.server.js:1
startConnection @ blazor.server.js:1
startCore @ blazor.server.js:1
start @ blazor.server.js:1
Pr @ blazor.server.js:1
await in Pr
Ar @ blazor.server.js:1
Br @ blazor.server.js:1
(anonymous) @ blazor.server.js:1
(anonymous) @ blazor.server.js:1
(anonymous) @ blazor.server.js:1
blazor.server.js:1  GET https://portal.cloudhealthoffice.com/_blazor?id=2HQ3Lx5Tj57pY1lEnYpExQ&_=1770424949037 404 (Not Found)
send @ blazor.server.js:1
send @ blazor.server.js:1
send @ blazor.server.js:1
get @ blazor.server.js:1
connect @ blazor.server.js:1
_startTransport @ blazor.server.js:1
_createTransport @ blazor.server.js:1
await in _createTransport
_startInternal @ blazor.server.js:1
await in _startInternal
start @ blazor.server.js:1
_startInternal @ blazor.server.js:1
_startWithStateTransitions @ blazor.server.js:1
start @ blazor.server.js:1
startConnection @ blazor.server.js:1
startCore @ blazor.server.js:1
start @ blazor.server.js:1
Pr @ blazor.server.js:1
await in Pr
Ar @ blazor.server.js:1
Br @ blazor.server.js:1
(anonymous) @ blazor.server.js:1
(anonymous) @ blazor.server.js:1
(anonymous) @ blazor.server.js:1
blazor.server.js:1 [2026-02-07T00:42:29.116Z] Error: Failed to start the transport 'LongPolling': Error: No Connection with that ID: Status code '404'
log @ blazor.server.js:1
_createTransport @ blazor.server.js:1
await in _createTransport
_startInternal @ blazor.server.js:1
await in _startInternal
start @ blazor.server.js:1
_startInternal @ blazor.server.js:1
_startWithStateTransitions @ blazor.server.js:1
start @ blazor.server.js:1
startConnection @ blazor.server.js:1
startCore @ blazor.server.js:1
start @ blazor.server.js:1
Pr @ blazor.server.js:1
await in Pr
Ar @ blazor.server.js:1
Br @ blazor.server.js:1
(anonymous) @ blazor.server.js:1
(anonymous) @ blazor.server.js:1
(anonymous) @ blazor.server.js:1
blazor.server.js:1 [2026-02-07T00:42:29.117Z] Error: Failed to start the connection: Error: Unable to connect to the server with any of the available transports. Error: WebSockets failed: Error: WebSocket failed to connect. The connection could not be found on the server, either the endpoint may not be a SignalR endpoint, the connection ID is not present on the server, or there is a proxy blocking WebSockets. If you have multiple servers check that sticky sessions are enabled. ServerSentEvents failed: Error: 'ServerSentEvents' does not support Binary. Error: LongPolling failed: Error: No Connection with that ID: Status code '404'
log @ blazor.server.js:1
_startInternal @ blazor.server.js:1
await in _startInternal
start @ blazor.server.js:1
_startInternal @ blazor.server.js:1
_startWithStateTransitions @ blazor.server.js:1
start @ blazor.server.js:1
startConnection @ blazor.server.js:1
startCore @ blazor.server.js:1
start @ blazor.server.js:1
Pr @ blazor.server.js:1
await in Pr
Ar @ blazor.server.js:1
Br @ blazor.server.js:1
(anonymous) @ blazor.server.js:1
(anonymous) @ blazor.server.js:1
(anonymous) @ blazor.server.js:1
blazor.server.js:1 [2026-02-07T00:42:29.117Z] Error: Error: Unable to connect to the server with any of the available transports. Error: WebSockets failed: Error: WebSocket failed to connect. The connection could not be found on the server, either the endpoint may not be a SignalR endpoint, the connection ID is not present on the server, or there is a proxy blocking WebSockets. If you have multiple servers check that sticky sessions are enabled. ServerSentEvents failed: Error: 'ServerSentEvents' does not support Binary. Error: LongPolling failed: Error: No Connection with that ID: Status code '404'
log @ blazor.server.js:1
unhandledError @ blazor.server.js:1
startConnection @ blazor.server.js:1
await in startConnection
startCore @ blazor.server.js:1
start @ blazor.server.js:1
Pr @ blazor.server.js:1
await in Pr
Ar @ blazor.server.js:1
Br @ blazor.server.js:1
(anonymous) @ blazor.server.js:1
(anonymous) @ blazor.server.js:1
(anonymous) @ blazor.server.js:1
blazor.server.js:1 [2026-02-07T00:42:29.118Z] Error: Unable to connect, please ensure WebSockets are available. A VPN or proxy may be blocking the connection.
log @ blazor.server.js:1
startConnection @ blazor.server.js:1
await in startConnection
startCore @ blazor.server.js:1
start @ blazor.server.js:1
Pr @ blazor.server.js:1
await in Pr
Ar @ blazor.server.js:1
Br @ blazor.server.js:1
(anonymous) @ blazor.server.js:1
(anonymous) @ blazor.server.js:1
(anonymous) @ blazor.server.js:1
blazor.server.js:1 [2026-02-07T00:42:29.118Z] Error: Failed to start the circuit.
log @ blazor.server.js:1
Pr @ blazor.server.js:1
await in Pr
Ar @ blazor.server.js:1
Br @ blazor.server.js:1
(anonymous) @ blazor.server.js:1
(anonymous) @ blazor.server.js:1
(anonymous) @ blazor.server.js:1
